DEBUG - 2026-08-26 01:33:27 --> Session: Class initialized using 'CodeIgniter\Session\Handlers\FileHandler' driver.
ERROR - 2026-08-26 01:33:32 --> Error connecting to the database: mysqli_sql_exception: No connection could be made because the target machine actively refused it in D:\PROJECT\Code Igniter\kpn-live\vendor\codeigniter4\framework\system\Database\MySQLi\Connection.php:201
Stack trace:
#0 D:\PROJECT\Code Igniter\kpn-live\vendor\codeigniter4\framework\system\Database\MySQLi\Connection.php(201): mysqli->real_connect()
#1 D:\PROJECT\Code Igniter\kpn-live\vendor\codeigniter4\framework\system\Database\BaseConnection.php(421): CodeIgniter\Database\MySQLi\Connection->connect()
#2 D:\PROJECT\Code Igniter\kpn-live\vendor\codeigniter4\framework\system\Database\BaseConnection.php(620): CodeIgniter\Database\BaseConnection->initialize()
#3 D:\PROJECT\Code Igniter\kpn-live\vendor\codeigniter4\framework\system\Database\BaseBuilder.php(1649): CodeIgniter\Database\BaseConnection->query()
#4 D:\PROJECT\Code Igniter\kpn-live\app\Controllers\Home.php(379): CodeIgniter\Database\BaseBuilder->get()
#5 D:\PROJECT\Code Igniter\kpn-live\app\Controllers\Home.php(26): App\Controllers\Home->getCategories()
#6 D:\PROJECT\Code Igniter\kpn-live\vendor\codeigniter4\framework\system\CodeIgniter.php(933): App\Controllers\Home->index_v2()
#7 D:\PROJECT\Code Igniter\kpn-live\vendor\codeigniter4\framework\system\CodeIgniter.php(507): CodeIgniter\CodeIgniter->runController()
#8 D:\PROJECT\Code Igniter\kpn-live\vendor\codeigniter4\framework\system\CodeIgniter.php(354): CodeIgniter\CodeIgniter->handleRequest()
#9 D:\PROJECT\Code Igniter\kpn-live\vendor\codeigniter4\framework\system\Boot.php(334): CodeIgniter\CodeIgniter->run()
#10 D:\PROJECT\Code Igniter\kpn-live\vendor\codeigniter4\framework\system\Boot.php(67): CodeIgniter\Boot::runCodeIgniter()
#11 D:\PROJECT\Code Igniter\kpn-live\public\index.php(56): CodeIgniter\Boot::bootWeb()
#12 D:\PROJECT\Code Igniter\kpn-live\vendor\codeigniter4\framework\system\rewrite.php(44): require_once('...')
#13 {main}

Next CodeIgniter\Database\Exceptions\DatabaseException: No connection could be made because the target machine actively refused it in D:\PROJECT\Code Igniter\kpn-live\vendor\codeigniter4\framework\system\Database\MySQLi\Connection.php:246
Stack trace:
#0 D:\PROJECT\Code Igniter\kpn-live\vendor\codeigniter4\framework\system\Database\BaseConnection.php(421): CodeIgniter\Database\MySQLi\Connection->connect()
#1 D:\PROJECT\Code Igniter\kpn-live\vendor\codeigniter4\framework\system\Database\BaseConnection.php(620): CodeIgniter\Database\BaseConnection->initialize()
#2 D:\PROJECT\Code Igniter\kpn-live\vendor\codeigniter4\framework\system\Database\BaseBuilder.php(1649): CodeIgniter\Database\BaseConnection->query()
#3 D:\PROJECT\Code Igniter\kpn-live\app\Controllers\Home.php(379): CodeIgniter\Database\BaseBuilder->get()
#4 D:\PROJECT\Code Igniter\kpn-live\app\Controllers\Home.php(26): App\Controllers\Home->getCategories()
#5 D:\PROJECT\Code Igniter\kpn-live\vendor\codeigniter4\framework\system\CodeIgniter.php(933): App\Controllers\Home->index_v2()
#6 D:\PROJECT\Code Igniter\kpn-live\vendor\codeigniter4\framework\system\CodeIgniter.php(507): CodeIgniter\CodeIgniter->runController()
#7 D:\PROJECT\Code Igniter\kpn-live\vendor\codeigniter4\framework\system\CodeIgniter.php(354): CodeIgniter\CodeIgniter->handleRequest()
#8 D:\PROJECT\Code Igniter\kpn-live\vendor\codeigniter4\framework\system\Boot.php(334): CodeIgniter\CodeIgniter->run()
#9 D:\PROJECT\Code Igniter\kpn-live\vendor\codeigniter4\framework\system\Boot.php(67): CodeIgniter\Boot::runCodeIgniter()
#10 D:\PROJECT\Code Igniter\kpn-live\public\index.php(56): CodeIgniter\Boot::bootWeb()
#11 D:\PROJECT\Code Igniter\kpn-live\vendor\codeigniter4\framework\system\rewrite.php(44): require_once('...')
#12 {main}
CRITICAL - 2026-08-26 01:33:32 --> CodeIgniter\Database\Exceptions\DatabaseException: Unable to connect to the database.
Main connection [MySQLi]: No connection could be made because the target machine actively refused it
[Method: GET, Route: /]
in SYSTEMPATH\Database\BaseConnection.php on line 467.
 1 SYSTEMPATH\Database\BaseConnection.php(620): CodeIgniter\Database\BaseConnection->initialize()
 2 SYSTEMPATH\Database\BaseBuilder.php(1649): CodeIgniter\Database\BaseConnection->query()
 3 APPPATH\Controllers\Home.php(379): CodeIgniter\Database\BaseBuilder->get()
 4 APPPATH\Controllers\Home.php(26): App\Controllers\Home->getCategories()
 5 SYSTEMPATH\CodeIgniter.php(933): App\Controllers\Home->index_v2()
 6 SYSTEMPATH\CodeIgniter.php(507): CodeIgniter\CodeIgniter->runController()
 7 SYSTEMPATH\CodeIgniter.php(354): CodeIgniter\CodeIgniter->handleRequest()
 8 SYSTEMPATH\Boot.php(334): CodeIgniter\CodeIgniter->run()
 9 SYSTEMPATH\Boot.php(67): CodeIgniter\Boot::runCodeIgniter()
10 FCPATH\index.php(56): CodeIgniter\Boot::bootWeb()
11 SYSTEMPATH\rewrite.php(44): require_once('D:\\PROJECT\\Code Igniter\\kpn-live\\public\\index.php')
DEBUG - 2026-08-26 01:33:38 --> Session: Class initialized using 'CodeIgniter\Session\Handlers\FileHandler' driver.
DEBUG - 2026-08-26 01:36:37 --> Session: Class initialized using 'CodeIgniter\Session\Handlers\FileHandler' driver.
DEBUG - 2026-08-26 01:40:37 --> Session: Class initialized using 'CodeIgniter\Session\Handlers\FileHandler' driver.
DEBUG - 2026-08-26 01:40:55 --> Session: Class initialized using 'CodeIgniter\Session\Handlers\FileHandler' driver.
DEBUG - 2026-08-26 01:41:56 --> Session: Class initialized using 'CodeIgniter\Session\Handlers\FileHandler' driver.
