ERROR - 2026-04-16 05:25:23 --> Error connecting to the database: mysqli_sql_exception: Too many connections in /home/u303612745/domains/karyapilarnusantara.com/kpn/vendor/codeigniter4/framework/system/Database/MySQLi/Connection.php:201
Stack trace:
#0 /home/u303612745/domains/karyapilarnusantara.com/kpn/vendor/codeigniter4/framework/system/Database/MySQLi/Connection.php(201): mysqli->real_connect()
#1 /home/u303612745/domains/karyapilarnusantara.com/kpn/vendor/codeigniter4/framework/system/Database/BaseConnection.php(421): CodeIgniter\Database\MySQLi\Connection->connect()
#2 /home/u303612745/domains/karyapilarnusantara.com/kpn/vendor/codeigniter4/framework/system/Database/BaseConnection.php(620): CodeIgniter\Database\BaseConnection->initialize()
#3 /home/u303612745/domains/karyapilarnusantara.com/kpn/vendor/codeigniter4/framework/system/Database/BaseBuilder.php(1649): CodeIgniter\Database\BaseConnection->query()
#4 /home/u303612745/domains/karyapilarnusantara.com/kpn/app/Controllers/Home.php(240): CodeIgniter\Database\BaseBuilder->get()
#5 /home/u303612745/domains/karyapilarnusantara.com/kpn/vendor/codeigniter4/framework/system/CodeIgniter.php(933): App\Controllers\Home->product_detail_v2()
#6 /home/u303612745/domains/karyapilarnusantara.com/kpn/vendor/codeigniter4/framework/system/CodeIgniter.php(507): CodeIgniter\CodeIgniter->runController()
#7 /home/u303612745/domains/karyapilarnusantara.com/kpn/vendor/codeigniter4/framework/system/CodeIgniter.php(354): CodeIgniter\CodeIgniter->handleRequest()
#8 /home/u303612745/domains/karyapilarnusantara.com/kpn/vendor/codeigniter4/framework/system/Boot.php(334): CodeIgniter\CodeIgniter->run()
#9 /home/u303612745/domains/karyapilarnusantara.com/kpn/vendor/codeigniter4/framework/system/Boot.php(67): CodeIgniter\Boot::runCodeIgniter()
#10 /home/u303612745/domains/karyapilarnusantara.com/public_html/index.php(56): CodeIgniter\Boot::bootWeb()
#11 {main}

Next CodeIgniter\Database\Exceptions\DatabaseException: Too many connections in /home/u303612745/domains/karyapilarnusantara.com/kpn/vendor/codeigniter4/framework/system/Database/MySQLi/Connection.php:246
Stack trace:
#0 /home/u303612745/domains/karyapilarnusantara.com/kpn/vendor/codeigniter4/framework/system/Database/BaseConnection.php(421): CodeIgniter\Database\MySQLi\Connection->connect()
#1 /home/u303612745/domains/karyapilarnusantara.com/kpn/vendor/codeigniter4/framework/system/Database/BaseConnection.php(620): CodeIgniter\Database\BaseConnection->initialize()
#2 /home/u303612745/domains/karyapilarnusantara.com/kpn/vendor/codeigniter4/framework/system/Database/BaseBuilder.php(1649): CodeIgniter\Database\BaseConnection->query()
#3 /home/u303612745/domains/karyapilarnusantara.com/kpn/app/Controllers/Home.php(240): CodeIgniter\Database\BaseBuilder->get()
#4 /home/u303612745/domains/karyapilarnusantara.com/kpn/vendor/codeigniter4/framework/system/CodeIgniter.php(933): App\Controllers\Home->product_detail_v2()
#5 /home/u303612745/domains/karyapilarnusantara.com/kpn/vendor/codeigniter4/framework/system/CodeIgniter.php(507): CodeIgniter\CodeIgniter->runController()
#6 /home/u303612745/domains/karyapilarnusantara.com/kpn/vendor/codeigniter4/framework/system/CodeIgniter.php(354): CodeIgniter\CodeIgniter->handleRequest()
#7 /home/u303612745/domains/karyapilarnusantara.com/kpn/vendor/codeigniter4/framework/system/Boot.php(334): CodeIgniter\CodeIgniter->run()
#8 /home/u303612745/domains/karyapilarnusantara.com/kpn/vendor/codeigniter4/framework/system/Boot.php(67): CodeIgniter\Boot::runCodeIgniter()
#9 /home/u303612745/domains/karyapilarnusantara.com/public_html/index.php(56): CodeIgniter\Boot::bootWeb()
#10 {main}
CRITICAL - 2026-04-16 05:25:23 --> CodeIgniter\Database\Exceptions\DatabaseException: Unable to connect to the database.
Main connection [MySQLi]: Too many connections
[Method: GET, Route: product/road-barrier]
in SYSTEMPATH/Database/BaseConnection.php on line 467.
 1 SYSTEMPATH/Database/BaseConnection.php(620): CodeIgniter\Database\BaseConnection->initialize()
 2 SYSTEMPATH/Database/BaseBuilder.php(1649): CodeIgniter\Database\BaseConnection->query()
 3 APPPATH/Controllers/Home.php(240): CodeIgniter\Database\BaseBuilder->get()
 4 SYSTEMPATH/CodeIgniter.php(933): App\Controllers\Home->product_detail_v2()
 5 SYSTEMPATH/CodeIgniter.php(507): CodeIgniter\CodeIgniter->runController()
 6 SYSTEMPATH/CodeIgniter.php(354): CodeIgniter\CodeIgniter->handleRequest()
 7 SYSTEMPATH/Boot.php(334): CodeIgniter\CodeIgniter->run()
 8 SYSTEMPATH/Boot.php(67): CodeIgniter\Boot::runCodeIgniter()
 9 FCPATH/index.php(56): CodeIgniter\Boot::bootWeb()
