CRITICAL - 2025-06-28 06:36:13 --> ErrorException: Attempt to read property "image" on array
[Method: GET, Route: product/peredam-panas]
in APPPATH/Views/v2/id/product_detail_id.php on line 71.
 1 APPPATH/Views/v2/id/product_detail_id.php(71): CodeIgniter\Debug\Exceptions->errorHandler()
 2 SYSTEMPATH/View/View.php(224): include('/home/u303612745/domains/karyapilarnusantara.com/kpn/app/Views/v2/id/product_detail_id.php')
 3 SYSTEMPATH/View/View.php(227): CodeIgniter\View\View->CodeIgniter\View\{closure}()
 4 SYSTEMPATH/Common.php(1173): CodeIgniter\View\View->render()
 5 APPPATH/Controllers/Home.php(133): view()
 6 SYSTEMPATH/CodeIgniter.php(933): App\Controllers\Home->product_detail_v2()
 7 SYSTEMPATH/CodeIgniter.php(507): CodeIgniter\CodeIgniter->runController()
 8 SYSTEMPATH/CodeIgniter.php(354): CodeIgniter\CodeIgniter->handleRequest()
 9 SYSTEMPATH/Boot.php(334): CodeIgniter\CodeIgniter->run()
10 SYSTEMPATH/Boot.php(67): CodeIgniter\Boot::runCodeIgniter()
11 FCPATH/index.php(56): CodeIgniter\Boot::bootWeb()
CRITICAL - 2025-06-28 06:37:03 --> ErrorException: Attempt to read property "image" on array
[Method: GET, Route: product/peredam-panas]
in APPPATH/Views/v2/id/product_detail_id.php on line 71.
 1 APPPATH/Views/v2/id/product_detail_id.php(71): CodeIgniter\Debug\Exceptions->errorHandler()
 2 SYSTEMPATH/View/View.php(224): include('/home/u303612745/domains/karyapilarnusantara.com/kpn/app/Views/v2/id/product_detail_id.php')
 3 SYSTEMPATH/View/View.php(227): CodeIgniter\View\View->CodeIgniter\View\{closure}()
 4 SYSTEMPATH/Common.php(1173): CodeIgniter\View\View->render()
 5 APPPATH/Controllers/Home.php(133): view()
 6 SYSTEMPATH/CodeIgniter.php(933): App\Controllers\Home->product_detail_v2()
 7 SYSTEMPATH/CodeIgniter.php(507): CodeIgniter\CodeIgniter->runController()
 8 SYSTEMPATH/CodeIgniter.php(354): CodeIgniter\CodeIgniter->handleRequest()
 9 SYSTEMPATH/Boot.php(334): CodeIgniter\CodeIgniter->run()
10 SYSTEMPATH/Boot.php(67): CodeIgniter\Boot::runCodeIgniter()
11 FCPATH/index.php(56): CodeIgniter\Boot::bootWeb()
DEBUG - 2025-06-28 06:38:32 --> Session: Class initialized using 'CodeIgniter\Session\Handlers\FileHandler' driver.
CRITICAL - 2025-06-28 06:38:32 --> ErrorException: Attempt to read property "image" on array
[Method: GET, Route: product/peredam-panas]
in APPPATH/Views/v2/id/product_detail_id.php on line 71.
 1 APPPATH/Views/v2/id/product_detail_id.php(71): CodeIgniter\Debug\Exceptions->errorHandler()
 2 SYSTEMPATH/View/View.php(224): include('/home/u303612745/domains/karyapilarnusantara.com/kpn/app/Views/v2/id/product_detail_id.php')
 3 SYSTEMPATH/View/View.php(227): CodeIgniter\View\View->CodeIgniter\View\{closure}()
 4 SYSTEMPATH/Common.php(1173): CodeIgniter\View\View->render()
 5 APPPATH/Controllers/Home.php(133): view()
 6 SYSTEMPATH/CodeIgniter.php(933): App\Controllers\Home->product_detail_v2()
 7 SYSTEMPATH/CodeIgniter.php(507): CodeIgniter\CodeIgniter->runController()
 8 SYSTEMPATH/CodeIgniter.php(354): CodeIgniter\CodeIgniter->handleRequest()
 9 SYSTEMPATH/Boot.php(334): CodeIgniter\CodeIgniter->run()
10 SYSTEMPATH/Boot.php(67): CodeIgniter\Boot::runCodeIgniter()
11 FCPATH/index.php(56): CodeIgniter\Boot::bootWeb()
