CRITICAL - 2025-07-08 04:44:33 --> CodeIgniter\Exceptions\RuntimeException: View themes, no current section.
[Method: GET, Route: en]
in SYSTEMPATH/View/View.php on line 430.
 1 APPPATH/Views/v2/template/homepage_template_v2.php(1337): CodeIgniter\View\View->endSection()
 2 SYSTEMPATH/View/View.php(224): include('/home/u303612745/domains/karyapilarnusantara.com/kpn/app/Views/v2/template/homepage_template_v2.php')
 3 SYSTEMPATH/View/View.php(227): CodeIgniter\View\View->CodeIgniter\View\{closure}()
 4 SYSTEMPATH/Common.php(1173): CodeIgniter\View\View->render()
 5 APPPATH/Views/v2/en/homepage_en.php(1): view()
 6 SYSTEMPATH/View/View.php(224): include('/home/u303612745/domains/karyapilarnusantara.com/kpn/app/Views/v2/en/homepage_en.php')
 7 SYSTEMPATH/View/View.php(227): CodeIgniter\View\View->CodeIgniter\View\{closure}()
 8 SYSTEMPATH/Common.php(1173): CodeIgniter\View\View->render()
 9 APPPATH/Controllers/Home.php(61): view()
10 SYSTEMPATH/CodeIgniter.php(933): App\Controllers\Home->index_v2()
11 SYSTEMPATH/CodeIgniter.php(507): CodeIgniter\CodeIgniter->runController()
12 SYSTEMPATH/CodeIgniter.php(354): CodeIgniter\CodeIgniter->handleRequest()
13 SYSTEMPATH/Boot.php(334): CodeIgniter\CodeIgniter->run()
14 SYSTEMPATH/Boot.php(67): CodeIgniter\Boot::runCodeIgniter()
15 FCPATH/index.php(56): CodeIgniter\Boot::bootWeb()
CRITICAL - 2025-07-08 04:45:38 --> CodeIgniter\Exceptions\RuntimeException: View themes, no current section.
[Method: GET, Route: en]
in SYSTEMPATH/View/View.php on line 430.
 1 APPPATH/Views/v2/template/homepage_template_v2.php(1337): CodeIgniter\View\View->endSection()
 2 SYSTEMPATH/View/View.php(224): include('/home/u303612745/domains/karyapilarnusantara.com/kpn/app/Views/v2/template/homepage_template_v2.php')
 3 SYSTEMPATH/View/View.php(227): CodeIgniter\View\View->CodeIgniter\View\{closure}()
 4 SYSTEMPATH/Common.php(1173): CodeIgniter\View\View->render()
 5 APPPATH/Views/v2/en/homepage_en.php(1): view()
 6 SYSTEMPATH/View/View.php(224): include('/home/u303612745/domains/karyapilarnusantara.com/kpn/app/Views/v2/en/homepage_en.php')
 7 SYSTEMPATH/View/View.php(227): CodeIgniter\View\View->CodeIgniter\View\{closure}()
 8 SYSTEMPATH/Common.php(1173): CodeIgniter\View\View->render()
 9 APPPATH/Controllers/Home.php(61): view()
10 SYSTEMPATH/CodeIgniter.php(933): App\Controllers\Home->index_v2()
11 SYSTEMPATH/CodeIgniter.php(507): CodeIgniter\CodeIgniter->runController()
12 SYSTEMPATH/CodeIgniter.php(354): CodeIgniter\CodeIgniter->handleRequest()
13 SYSTEMPATH/Boot.php(334): CodeIgniter\CodeIgniter->run()
14 SYSTEMPATH/Boot.php(67): CodeIgniter\Boot::runCodeIgniter()
15 FCPATH/index.php(56): CodeIgniter\Boot::bootWeb()
DEBUG - 2025-07-08 04:46:04 --> Session: Class initialized using 'CodeIgniter\Session\Handlers\FileHandler' driver.
CRITICAL - 2025-07-08 04:46:04 --> CodeIgniter\Exceptions\RuntimeException: View themes, no current section.
[Method: GET, Route: en]
in SYSTEMPATH/View/View.php on line 430.
 1 APPPATH/Views/v2/template/homepage_template_v2.php(1337): CodeIgniter\View\View->endSection()
 2 SYSTEMPATH/View/View.php(224): include('/home/u303612745/domains/karyapilarnusantara.com/kpn/app/Views/v2/template/homepage_template_v2.php')
 3 SYSTEMPATH/View/View.php(227): CodeIgniter\View\View->CodeIgniter\View\{closure}()
 4 SYSTEMPATH/Common.php(1173): CodeIgniter\View\View->render()
 5 APPPATH/Views/v2/en/homepage_en.php(1): view()
 6 SYSTEMPATH/View/View.php(224): include('/home/u303612745/domains/karyapilarnusantara.com/kpn/app/Views/v2/en/homepage_en.php')
 7 SYSTEMPATH/View/View.php(227): CodeIgniter\View\View->CodeIgniter\View\{closure}()
 8 SYSTEMPATH/Common.php(1173): CodeIgniter\View\View->render()
 9 APPPATH/Controllers/Home.php(61): view()
10 SYSTEMPATH/CodeIgniter.php(933): App\Controllers\Home->index_v2()
11 SYSTEMPATH/CodeIgniter.php(507): CodeIgniter\CodeIgniter->runController()
12 SYSTEMPATH/CodeIgniter.php(354): CodeIgniter\CodeIgniter->handleRequest()
13 SYSTEMPATH/Boot.php(334): CodeIgniter\CodeIgniter->run()
14 SYSTEMPATH/Boot.php(67): CodeIgniter\Boot::runCodeIgniter()
15 FCPATH/index.php(56): CodeIgniter\Boot::bootWeb()
DEBUG - 2025-07-08 04:47:46 --> Session: Class initialized using 'CodeIgniter\Session\Handlers\FileHandler' driver.
CRITICAL - 2025-07-08 04:47:46 --> CodeIgniter\Exceptions\RuntimeException: View themes, no current section.
[Method: GET, Route: en]
in SYSTEMPATH/View/View.php on line 430.
 1 APPPATH/Views/v2/template/homepage_template_v2.php(1337): CodeIgniter\View\View->endSection()
 2 SYSTEMPATH/View/View.php(224): include('/home/u303612745/domains/karyapilarnusantara.com/kpn/app/Views/v2/template/homepage_template_v2.php')
 3 SYSTEMPATH/View/View.php(227): CodeIgniter\View\View->CodeIgniter\View\{closure}()
 4 SYSTEMPATH/Common.php(1173): CodeIgniter\View\View->render()
 5 APPPATH/Views/v2/en/homepage_en.php(1): view()
 6 SYSTEMPATH/View/View.php(224): include('/home/u303612745/domains/karyapilarnusantara.com/kpn/app/Views/v2/en/homepage_en.php')
 7 SYSTEMPATH/View/View.php(227): CodeIgniter\View\View->CodeIgniter\View\{closure}()
 8 SYSTEMPATH/Common.php(1173): CodeIgniter\View\View->render()
 9 APPPATH/Controllers/Home.php(61): view()
10 SYSTEMPATH/CodeIgniter.php(933): App\Controllers\Home->index_v2()
11 SYSTEMPATH/CodeIgniter.php(507): CodeIgniter\CodeIgniter->runController()
12 SYSTEMPATH/CodeIgniter.php(354): CodeIgniter\CodeIgniter->handleRequest()
13 SYSTEMPATH/Boot.php(334): CodeIgniter\CodeIgniter->run()
14 SYSTEMPATH/Boot.php(67): CodeIgniter\Boot::runCodeIgniter()
15 FCPATH/index.php(56): CodeIgniter\Boot::bootWeb()
DEBUG - 2025-07-08 04:50:40 --> Session: Class initialized using 'CodeIgniter\Session\Handlers\FileHandler' driver.
DEBUG - 2025-07-08 04:50:42 --> Session: Class initialized using 'CodeIgniter\Session\Handlers\FileHandler' driver.
DEBUG - 2025-07-08 04:51:05 --> Session: Class initialized using 'CodeIgniter\Session\Handlers\FileHandler' driver.
DEBUG - 2025-07-08 04:51:06 --> Session: Class initialized using 'CodeIgniter\Session\Handlers\FileHandler' driver.
