CRITICAL - 2025-03-28 08:58:34 --> ErrorException: Undefined variable $images
[Method: GET, Route: product]
in APPPATH\Views\product.php on line 47.
 1 APPPATH\Views\product.php(47): CodeIgniter\Debug\Exceptions->errorHandler(2, 'Undefined variable $images', 'D:\\LUKMAN\\PROJECT\\Code Igniter\\kpn\\app\\Views\\product.php', 47)
 2 SYSTEMPATH\View\View.php(224): include('D:\\LUKMAN\\PROJECT\\Code Igniter\\kpn\\app\\Views\\product.php')
 3 SYSTEMPATH\View\View.php(227): CodeIgniter\View\View->CodeIgniter\View\{closure}()
 4 SYSTEMPATH\Common.php(1173): CodeIgniter\View\View->render('product', [], true)
 5 APPPATH\Controllers\Home.php(18): view('product')
 6 SYSTEMPATH\CodeIgniter.php(933): App\Controllers\Home->product()
 7 SYSTEMPATH\CodeIgniter.php(507): CodeIgniter\CodeIgniter->runController(Object(App\Controllers\Home))
 8 SYSTEMPATH\CodeIgniter.php(354): CodeIgniter\CodeIgniter->handleRequest(null, Object(Config\Cache), false)
 9 SYSTEMPATH\Boot.php(334): CodeIgniter\CodeIgniter->run()
10 SYSTEMPATH\Boot.php(67): CodeIgniter\Boot::runCodeIgniter(Object(CodeIgniter\CodeIgniter))
11 FCPATH\index.php(56): CodeIgniter\Boot::bootWeb(Object(Config\Paths))
12 SYSTEMPATH\rewrite.php(44): require_once('D:\\LUKMAN\\PROJECT\\Code Igniter\\kpn\\public\\index.php')
CRITICAL - 2025-03-28 08:58:40 --> ErrorException: Undefined variable $images
[Method: GET, Route: product]
in APPPATH\Views\product.php on line 47.
 1 APPPATH\Views\product.php(47): CodeIgniter\Debug\Exceptions->errorHandler(2, 'Undefined variable $images', 'D:\\LUKMAN\\PROJECT\\Code Igniter\\kpn\\app\\Views\\product.php', 47)
 2 SYSTEMPATH\View\View.php(224): include('D:\\LUKMAN\\PROJECT\\Code Igniter\\kpn\\app\\Views\\product.php')
 3 SYSTEMPATH\View\View.php(227): CodeIgniter\View\View->CodeIgniter\View\{closure}()
 4 SYSTEMPATH\Common.php(1173): CodeIgniter\View\View->render('product', [], true)
 5 APPPATH\Controllers\Home.php(18): view('product')
 6 SYSTEMPATH\CodeIgniter.php(933): App\Controllers\Home->product()
 7 SYSTEMPATH\CodeIgniter.php(507): CodeIgniter\CodeIgniter->runController(Object(App\Controllers\Home))
 8 SYSTEMPATH\CodeIgniter.php(354): CodeIgniter\CodeIgniter->handleRequest(null, Object(Config\Cache), false)
 9 SYSTEMPATH\Boot.php(334): CodeIgniter\CodeIgniter->run()
10 SYSTEMPATH\Boot.php(67): CodeIgniter\Boot::runCodeIgniter(Object(CodeIgniter\CodeIgniter))
11 FCPATH\index.php(56): CodeIgniter\Boot::bootWeb(Object(Config\Paths))
12 SYSTEMPATH\rewrite.php(44): require_once('D:\\LUKMAN\\PROJECT\\Code Igniter\\kpn\\public\\index.php')
