ERROR - 2025-06-25 02:17:01 --> Error connecting to the database: mysqli_sql_exception: No connection could be made because the target machine actively refused it in D:\LUKMAN\PROJECT\Code Igniter\kpn\vendor\codeigniter4\framework\system\Database\MySQLi\Connection.php:201
Stack trace:
#0 D:\LUKMAN\PROJECT\Code Igniter\kpn\vendor\codeigniter4\framework\system\Database\MySQLi\Connection.php(201): mysqli->real_connect('localhost', 'root', Object(SensitiveParameterValue), 'kpn', 3306, '', 0)
#1 D:\LUKMAN\PROJECT\Code Igniter\kpn\vendor\codeigniter4\framework\system\Database\BaseConnection.php(421): CodeIgniter\Database\MySQLi\Connection->connect(false)
#2 D:\LUKMAN\PROJECT\Code Igniter\kpn\vendor\codeigniter4\framework\system\Database\BaseConnection.php(620): CodeIgniter\Database\BaseConnection->initialize()
#3 D:\LUKMAN\PROJECT\Code Igniter\kpn\vendor\codeigniter4\framework\system\Database\BaseBuilder.php(1649): CodeIgniter\Database\BaseConnection->query('SELECT `p`.`id`...', Array, false)
#4 D:\LUKMAN\PROJECT\Code Igniter\kpn\app\Controllers\Home.php(57): CodeIgniter\Database\BaseBuilder->get()
#5 D:\LUKMAN\PROJECT\Code Igniter\kpn\vendor\codeigniter4\framework\system\CodeIgniter.php(933): App\Controllers\Home->product_v3()
#6 D:\LUKMAN\PROJECT\Code Igniter\kpn\vendor\codeigniter4\framework\system\CodeIgniter.php(507): CodeIgniter\CodeIgniter->runController(Object(App\Controllers\Home))
#7 D:\LUKMAN\PROJECT\Code Igniter\kpn\vendor\codeigniter4\framework\system\CodeIgniter.php(354): CodeIgniter\CodeIgniter->handleRequest(NULL, Object(Config\Cache), false)
#8 D:\LUKMAN\PROJECT\Code Igniter\kpn\vendor\codeigniter4\framework\system\Boot.php(334): CodeIgniter\CodeIgniter->run()
#9 D:\LUKMAN\PROJECT\Code Igniter\kpn\vendor\codeigniter4\framework\system\Boot.php(67): CodeIgniter\Boot::runCodeIgniter(Object(CodeIgniter\CodeIgniter))
#10 D:\LUKMAN\PROJECT\Code Igniter\kpn\public\index.php(56): CodeIgniter\Boot::bootWeb(Object(Config\Paths))
#11 D:\LUKMAN\PROJECT\Code Igniter\kpn\vendor\codeigniter4\framework\system\rewrite.php(44): require_once('D:\\LUKMAN\\PROJE...')
#12 {main}

Next CodeIgniter\Database\Exceptions\DatabaseException: No connection could be made because the target machine actively refused it in D:\LUKMAN\PROJECT\Code Igniter\kpn\vendor\codeigniter4\framework\system\Database\MySQLi\Connection.php:246
Stack trace:
#0 D:\LUKMAN\PROJECT\Code Igniter\kpn\vendor\codeigniter4\framework\system\Database\BaseConnection.php(421): CodeIgniter\Database\MySQLi\Connection->connect(false)
#1 D:\LUKMAN\PROJECT\Code Igniter\kpn\vendor\codeigniter4\framework\system\Database\BaseConnection.php(620): CodeIgniter\Database\BaseConnection->initialize()
#2 D:\LUKMAN\PROJECT\Code Igniter\kpn\vendor\codeigniter4\framework\system\Database\BaseBuilder.php(1649): CodeIgniter\Database\BaseConnection->query('SELECT `p`.`id`...', Array, false)
#3 D:\LUKMAN\PROJECT\Code Igniter\kpn\app\Controllers\Home.php(57): CodeIgniter\Database\BaseBuilder->get()
#4 D:\LUKMAN\PROJECT\Code Igniter\kpn\vendor\codeigniter4\framework\system\CodeIgniter.php(933): App\Controllers\Home->product_v3()
#5 D:\LUKMAN\PROJECT\Code Igniter\kpn\vendor\codeigniter4\framework\system\CodeIgniter.php(507): CodeIgniter\CodeIgniter->runController(Object(App\Controllers\Home))
#6 D:\LUKMAN\PROJECT\Code Igniter\kpn\vendor\codeigniter4\framework\system\CodeIgniter.php(354): CodeIgniter\CodeIgniter->handleRequest(NULL, Object(Config\Cache), false)
#7 D:\LUKMAN\PROJECT\Code Igniter\kpn\vendor\codeigniter4\framework\system\Boot.php(334): CodeIgniter\CodeIgniter->run()
#8 D:\LUKMAN\PROJECT\Code Igniter\kpn\vendor\codeigniter4\framework\system\Boot.php(67): CodeIgniter\Boot::runCodeIgniter(Object(CodeIgniter\CodeIgniter))
#9 D:\LUKMAN\PROJECT\Code Igniter\kpn\public\index.php(56): CodeIgniter\Boot::bootWeb(Object(Config\Paths))
#10 D:\LUKMAN\PROJECT\Code Igniter\kpn\vendor\codeigniter4\framework\system\rewrite.php(44): require_once('D:\\LUKMAN\\PROJE...')
#11 {main}
CRITICAL - 2025-06-25 02:17:01 --> CodeIgniter\Database\Exceptions\DatabaseException: Unable to connect to the database.
Main connection [MySQLi]: No connection could be made because the target machine actively refused it
[Method: GET, Route: product]
in SYSTEMPATH\Database\BaseConnection.php on line 467.
 1 SYSTEMPATH\Database\BaseConnection.php(620): CodeIgniter\Database\BaseConnection->initialize()
 2 SYSTEMPATH\Database\BaseBuilder.php(1649): CodeIgniter\Database\BaseConnection->query('SELECT `p`.`id`, `p`.`slug`, `p`.`title`, `p`.`thumbnail`
FROM `products` `p`', [], false)
 3 APPPATH\Controllers\Home.php(57): CodeIgniter\Database\BaseBuilder->get()
 4 SYSTEMPATH\CodeIgniter.php(933): App\Controllers\Home->product_v3()
 5 SYSTEMPATH\CodeIgniter.php(507): CodeIgniter\CodeIgniter->runController(Object(App\Controllers\Home))
 6 SYSTEMPATH\CodeIgniter.php(354): CodeIgniter\CodeIgniter->handleRequest(null, Object(Config\Cache), false)
 7 SYSTEMPATH\Boot.php(334): CodeIgniter\CodeIgniter->run()
 8 SYSTEMPATH\Boot.php(67): CodeIgniter\Boot::runCodeIgniter(Object(CodeIgniter\CodeIgniter))
 9 FCPATH\index.php(56): CodeIgniter\Boot::bootWeb(Object(Config\Paths))
10 SYSTEMPATH\rewrite.php(44): require_once('D:\\LUKMAN\\PROJECT\\Code Igniter\\kpn\\public\\index.php')
CRITICAL - 2025-06-25 07:07:04 --> CodeIgniter\View\Exceptions\ViewException: Invalid file: "v2/id/galery_id.php"
[Method: GET, Route: galeri]
in SYSTEMPATH\Exceptions\FrameworkException.php on line 39.
 1 SYSTEMPATH\View\View.php(212): CodeIgniter\Exceptions\FrameworkException::forInvalidFile('v2/id/galery_id.php')
 2 SYSTEMPATH\Common.php(1173): CodeIgniter\View\View->render('v2/id/galery_id', [], true)
 3 APPPATH\Controllers\Home.php(125): view('v2/id/galery_id', [...])
 4 SYSTEMPATH\CodeIgniter.php(933): App\Controllers\Home->galery_v3()
 5 SYSTEMPATH\CodeIgniter.php(507): CodeIgniter\CodeIgniter->runController(Object(App\Controllers\Home))
 6 SYSTEMPATH\CodeIgniter.php(354): CodeIgniter\CodeIgniter->handleRequest(null, Object(Config\Cache), false)
 7 SYSTEMPATH\Boot.php(334): CodeIgniter\CodeIgniter->run()
 8 SYSTEMPATH\Boot.php(67): CodeIgniter\Boot::runCodeIgniter(Object(CodeIgniter\CodeIgniter))
 9 FCPATH\index.php(56): CodeIgniter\Boot::bootWeb(Object(Config\Paths))
10 SYSTEMPATH\rewrite.php(44): require_once('D:\\LUKMAN\\PROJECT\\Code Igniter\\kpn\\public\\index.php')
CRITICAL - 2025-06-25 07:07:33 --> CodeIgniter\View\Exceptions\ViewException: Invalid file: "v2/id/galery_id.php"
[Method: GET, Route: galeri]
in SYSTEMPATH\Exceptions\FrameworkException.php on line 39.
 1 SYSTEMPATH\View\View.php(212): CodeIgniter\Exceptions\FrameworkException::forInvalidFile('v2/id/galery_id.php')
 2 SYSTEMPATH\Common.php(1173): CodeIgniter\View\View->render('v2/id/galery_id', [], true)
 3 APPPATH\Controllers\Home.php(125): view('v2/id/galery_id', [...])
 4 SYSTEMPATH\CodeIgniter.php(933): App\Controllers\Home->galery_v3()
 5 SYSTEMPATH\CodeIgniter.php(507): CodeIgniter\CodeIgniter->runController(Object(App\Controllers\Home))
 6 SYSTEMPATH\CodeIgniter.php(354): CodeIgniter\CodeIgniter->handleRequest(null, Object(Config\Cache), false)
 7 SYSTEMPATH\Boot.php(334): CodeIgniter\CodeIgniter->run()
 8 SYSTEMPATH\Boot.php(67): CodeIgniter\Boot::runCodeIgniter(Object(CodeIgniter\CodeIgniter))
 9 FCPATH\index.php(56): CodeIgniter\Boot::bootWeb(Object(Config\Paths))
10 SYSTEMPATH\rewrite.php(44): require_once('D:\\LUKMAN\\PROJECT\\Code Igniter\\kpn\\public\\index.php')
CRITICAL - 2025-06-25 07:08:24 --> CodeIgniter\View\Exceptions\ViewException: Invalid file: "v2/id/galery_id.php"
[Method: GET, Route: galeri]
in SYSTEMPATH\Exceptions\FrameworkException.php on line 39.
 1 SYSTEMPATH\View\View.php(212): CodeIgniter\Exceptions\FrameworkException::forInvalidFile('v2/id/galery_id.php')
 2 SYSTEMPATH\Common.php(1173): CodeIgniter\View\View->render('v2/id/galery_id', [], true)
 3 APPPATH\Controllers\Home.php(125): view('v2/id/galery_id', [...])
 4 SYSTEMPATH\CodeIgniter.php(933): App\Controllers\Home->galery_v3()
 5 SYSTEMPATH\CodeIgniter.php(507): CodeIgniter\CodeIgniter->runController(Object(App\Controllers\Home))
 6 SYSTEMPATH\CodeIgniter.php(354): CodeIgniter\CodeIgniter->handleRequest(null, Object(Config\Cache), false)
 7 SYSTEMPATH\Boot.php(334): CodeIgniter\CodeIgniter->run()
 8 SYSTEMPATH\Boot.php(67): CodeIgniter\Boot::runCodeIgniter(Object(CodeIgniter\CodeIgniter))
 9 FCPATH\index.php(56): CodeIgniter\Boot::bootWeb(Object(Config\Paths))
10 SYSTEMPATH\rewrite.php(44): require_once('D:\\LUKMAN\\PROJECT\\Code Igniter\\kpn\\public\\index.php')
DEBUG - 2025-06-25 07:09:37 --> Session: Class initialized using 'CodeIgniter\Session\Handlers\FileHandler' driver.
CRITICAL - 2025-06-25 07:09:37 --> CodeIgniter\View\Exceptions\ViewException: Invalid file: "v2/id/galery_id.php"
[Method: GET, Route: galeri]
in SYSTEMPATH\Exceptions\FrameworkException.php on line 39.
 1 SYSTEMPATH\View\View.php(212): CodeIgniter\Exceptions\FrameworkException::forInvalidFile('v2/id/galery_id.php')
 2 SYSTEMPATH\Common.php(1173): CodeIgniter\View\View->render('v2/id/galery_id', [], true)
 3 APPPATH\Controllers\Home.php(125): view('v2/id/galery_id', [...])
 4 SYSTEMPATH\CodeIgniter.php(933): App\Controllers\Home->galery_v3()
 5 SYSTEMPATH\CodeIgniter.php(507): CodeIgniter\CodeIgniter->runController(Object(App\Controllers\Home))
 6 SYSTEMPATH\CodeIgniter.php(354): CodeIgniter\CodeIgniter->handleRequest(null, Object(Config\Cache), false)
 7 SYSTEMPATH\Boot.php(334): CodeIgniter\CodeIgniter->run()
 8 SYSTEMPATH\Boot.php(67): CodeIgniter\Boot::runCodeIgniter(Object(CodeIgniter\CodeIgniter))
 9 FCPATH\index.php(56): CodeIgniter\Boot::bootWeb(Object(Config\Paths))
10 SYSTEMPATH\rewrite.php(44): require_once('D:\\LUKMAN\\PROJECT\\Code Igniter\\kpn\\public\\index.php')
CRITICAL - 2025-06-25 08:30:47 --> ErrorException: Attempt to read property "id" on null
[Method: GET, Route: product/galeri]
in APPPATH\Controllers\Home.php on line 70.
 1 APPPATH\Controllers\Home.php(70): CodeIgniter\Debug\Exceptions->errorHandler(2, 'Attempt to read property "id" on null', 'D:\\LUKMAN\\PROJECT\\Code Igniter\\kpn\\app\\Controllers\\Home.php', 70)
 2 SYSTEMPATH\CodeIgniter.php(933): App\Controllers\Home->product_detail_v3('galeri')
 3 SYSTEMPATH\CodeIgniter.php(507): CodeIgniter\CodeIgniter->runController(Object(App\Controllers\Home))
 4 SYSTEMPATH\CodeIgniter.php(354): CodeIgniter\CodeIgniter->handleRequest(null, Object(Config\Cache), false)
 5 SYSTEMPATH\Boot.php(334): CodeIgniter\CodeIgniter->run()
 6 SYSTEMPATH\Boot.php(67): CodeIgniter\Boot::runCodeIgniter(Object(CodeIgniter\CodeIgniter))
 7 FCPATH\index.php(56): CodeIgniter\Boot::bootWeb(Object(Config\Paths))
 8 SYSTEMPATH\rewrite.php(44): require_once('D:\\LUKMAN\\PROJECT\\Code Igniter\\kpn\\public\\index.php')
